npm warn Unknown env config "devdir". This will stop working in the next major version of npm.
npm error code ECONNREFUSED
npm error syscall connect
npm error errno ECONNREFUSED
npm error FetchError: request to https://registry.npmjs.org/localtunnel failed, reason: connect ECONNREFUSED 127.0.0.1:52551
npm error     at ClientRequest.<anonymous> (/usr/local/lib/node_modules/npm/node_modules/minipass-fetch/lib/index.js:130:14)
npm error     at ClientRequest.emit (node:events:508:28)
npm error     at emitErrorEvent (node:_http_client:108:11)
npm error     at _destroy (node:_http_client:963:9)
npm error     at onSocketNT (node:_http_client:983:5)
npm error     at process.processTicksAndRejections (node:internal/process/task_queues:91:21) {
npm error   code: 'ECONNREFUSED',
npm error   errno: 'ECONNREFUSED',
npm error   syscall: 'connect',
npm error   address: '127.0.0.1',
npm error   port: 52551,
npm error   type: 'system'
npm error }
npm error
npm error If you are behind a proxy, please make sure that the
npm error 'proxy' config is set properly.  See: 'npm help config'
npm error A complete log of this run can be found in: /var/folders/32/pmg9r4c5539d5styw0_jcnx00000gn/T/cursor-sandbox-cache/4548c13c7b05f3e6dbe8745a56dcec80/npm/_logs/2026-04-09T15_51_50_157Z-debug-0.log
